Archive member included to satisfy reference by file (symbol)

/Users/jaredwuerzburger/Library/Application Support/Pebble SDK/SDKs/current/sdk-core/pebble/basalt/lib/libpebble.a(tmpFRPTsFpebble.o)
                              src/c/Sky.c.33.o (app_event_loop)
/Users/jaredwuerzburger/Library/Application Support/Pebble SDK/SDKs/4.9.148/toolchain/arm-none-eabi/bin/../lib/gcc/arm-none-eabi/14.2.1/thumb/v7-m/nofp/libgcc.a(_arm_mulsf3.o)
                              src/c/Sky.c.33.o (__aeabi_fmul)
/Users/jaredwuerzburger/Library/Application Support/Pebble SDK/SDKs/4.9.148/toolchain/arm-none-eabi/bin/../lib/gcc/arm-none-eabi/14.2.1/thumb/v7-m/nofp/libgcc.a(_arm_addsubsf3.o)
                              src/c/Sky.c.33.o (__aeabi_fsub)
/Users/jaredwuerzburger/Library/Application Support/Pebble SDK/SDKs/4.9.148/toolchain/arm-none-eabi/bin/../lib/gcc/arm-none-eabi/14.2.1/thumb/v7-m/nofp/libgcc.a(_arm_muldivsf3.o)
                              src/c/Sky.c.33.o (__aeabi_fdiv)
/Users/jaredwuerzburger/Library/Application Support/Pebble SDK/SDKs/4.9.148/toolchain/arm-none-eabi/bin/../lib/gcc/arm-none-eabi/14.2.1/thumb/v7-m/nofp/libgcc.a(_arm_cmpsf2.o)
                              src/c/Sky.c.33.o (__aeabi_fcmplt)
/Users/jaredwuerzburger/Library/Application Support/Pebble SDK/SDKs/4.9.148/toolchain/arm-none-eabi/bin/../lib/gcc/arm-none-eabi/14.2.1/thumb/v7-m/nofp/libgcc.a(_arm_fixsfsi.o)
                              src/c/Sky.c.33.o (__aeabi_f2iz)
/Users/jaredwuerzburger/Library/Application Support/Pebble SDK/SDKs/4.9.148/toolchain/arm-none-eabi/bin/../lib/gcc/arm-none-eabi/14.2.1/thumb/v7-m/nofp/libgcc.a(_aeabi_ldivmod.o)
                              src/c/Sky.c.33.o (__aeabi_ldivmod)
/Users/jaredwuerzburger/Library/Application Support/Pebble SDK/SDKs/4.9.148/toolchain/arm-none-eabi/bin/../lib/gcc/arm-none-eabi/14.2.1/thumb/v7-m/nofp/libgcc.a(_udivmoddi4.o)
                              /Users/jaredwuerzburger/Library/Application Support/Pebble SDK/SDKs/4.9.148/toolchain/arm-none-eabi/bin/../lib/gcc/arm-none-eabi/14.2.1/thumb/v7-m/nofp/libgcc.a(_aeabi_ldivmod.o) (__udivmoddi4)
/Users/jaredwuerzburger/Library/Application Support/Pebble SDK/SDKs/4.9.148/toolchain/arm-none-eabi/bin/../lib/gcc/arm-none-eabi/14.2.1/thumb/v7-m/nofp/libgcc.a(_dvmd_tls.o)
                              /Users/jaredwuerzburger/Library/Application Support/Pebble SDK/SDKs/4.9.148/toolchain/arm-none-eabi/bin/../lib/gcc/arm-none-eabi/14.2.1/thumb/v7-m/nofp/libgcc.a(_aeabi_ldivmod.o) (__aeabi_ldiv0)
/Users/jaredwuerzburger/Library/Application Support/Pebble SDK/SDKs/4.9.148/toolchain/arm-none-eabi/bin/../lib/gcc/arm-none-eabi/14.2.1/../../../../arm-none-eabi/lib/thumb/v7-m/nofp/libc.a(libc_a-atexit.o)
                              /Users/jaredwuerzburger/Library/Application Support/Pebble SDK/SDKs/4.9.148/toolchain/arm-none-eabi/bin/../lib/gcc/arm-none-eabi/14.2.1/../../../../arm-none-eabi/lib/thumb/v7-m/nofp/crt0.o (atexit)
/Users/jaredwuerzburger/Library/Application Support/Pebble SDK/SDKs/4.9.148/toolchain/arm-none-eabi/bin/../lib/gcc/arm-none-eabi/14.2.1/../../../../arm-none-eabi/lib/thumb/v7-m/nofp/libc.a(libc_a-exit.o)
                              /Users/jaredwuerzburger/Library/Application Support/Pebble SDK/SDKs/4.9.148/toolchain/arm-none-eabi/bin/../lib/gcc/arm-none-eabi/14.2.1/../../../../arm-none-eabi/lib/thumb/v7-m/nofp/crt0.o (exit)
/Users/jaredwuerzburger/Library/Application Support/Pebble SDK/SDKs/4.9.148/toolchain/arm-none-eabi/bin/../lib/gcc/arm-none-eabi/14.2.1/../../../../arm-none-eabi/lib/thumb/v7-m/nofp/libc.a(libc_a-findfp.o)
                              /Users/jaredwuerzburger/Library/Application Support/Pebble SDK/SDKs/4.9.148/toolchain/arm-none-eabi/bin/../lib/gcc/arm-none-eabi/14.2.1/../../../../arm-none-eabi/lib/thumb/v7-m/nofp/libc.a(libc_a-exit.o) (__stdio_exit_handler)
/Users/jaredwuerzburger/Library/Application Support/Pebble SDK/SDKs/4.9.148/toolchain/arm-none-eabi/bin/../lib/gcc/arm-none-eabi/14.2.1/../../../../arm-none-eabi/lib/thumb/v7-m/nofp/libc.a(libc_a-impure.o)
                              /Users/jaredwuerzburger/Library/Application Support/Pebble SDK/SDKs/4.9.148/toolchain/arm-none-eabi/bin/../lib/gcc/arm-none-eabi/14.2.1/../../../../arm-none-eabi/lib/thumb/v7-m/nofp/libc.a(libc_a-findfp.o) (_impure_data)
/Users/jaredwuerzburger/Library/Application Support/Pebble SDK/SDKs/4.9.148/toolchain/arm-none-eabi/bin/../lib/gcc/arm-none-eabi/14.2.1/../../../../arm-none-eabi/lib/thumb/v7-m/nofp/libc.a(libc_a-init.o)
                              /Users/jaredwuerzburger/Library/Application Support/Pebble SDK/SDKs/4.9.148/toolchain/arm-none-eabi/bin/../lib/gcc/arm-none-eabi/14.2.1/../../../../arm-none-eabi/lib/thumb/v7-m/nofp/crt0.o (__libc_init_array)
/Users/jaredwuerzburger/Library/Application Support/Pebble SDK/SDKs/4.9.148/toolchain/arm-none-eabi/bin/../lib/gcc/arm-none-eabi/14.2.1/../../../../arm-none-eabi/lib/thumb/v7-m/nofp/libc.a(libc_a-fini.o)
[...]
Memory Configuration

Name             Origin             Length             Attributes
APP              0x00000000         0x00010000         xrw
*default*        0x00000000         0xffffffff

Linker script and memory map

LOAD /Users/jaredwuerzburger/Library/Application Support/Pebble SDK/SDKs/4.9.148/toolchain/arm-none-eabi/bin/../lib/gcc/arm-none-eabi/14.2.1/thumb/v7-m/nofp/crti.o
LOAD /Users/jaredwuerzburger/Library/Application Support/Pebble SDK/SDKs/4.9.148/toolchain/arm-none-eabi/bin/../lib/gcc/arm-none-eabi/14.2.1/thumb/v7-m/nofp/crtbegin.o
LOAD /Users/jaredwuerzburger/Library/Application Support/Pebble SDK/SDKs/4.9.148/toolchain/arm-none-eabi/bin/../lib/gcc/arm-none-eabi/14.2.1/../../../../arm-none-eabi/lib/thumb/v7-m/nofp/crt0.o
LOAD src/c/Sky.c.33.o
LOAD basalt/appinfo.auto.c.33.o
LOAD basalt/src/resource_ids.auto.c.33.o
LOAD src/message_keys.auto.c.33.o
LOAD /Users/jaredwuerzburger/Library/Application Support/Pebble SDK/SDKs/current/sdk-core/pebble/basalt/lib/libpebble.a
LOAD /Users/jaredwuerzburger/Documents/GitHub/Sky_C_Real/node_modules/@rebble/clay/dist/binaries/basalt/@rebble/libclay.a
START GROUP
LOAD /Users/jaredwuerzburger/Library/Application Support/Pebble SDK/SDKs/4.9.148/toolchain/arm-none-eabi/bin/../lib/gcc/arm-none-eabi/14.2.1/thumb/v7-m/nofp/libgcc.a
LOAD /Users/jaredwuerzburger/Library/Application Support/Pebble SDK/SDKs/4.9.148/toolchain/arm-none-eabi/bin/../lib/gcc/arm-none-eabi/14.2.1/../../../../arm-none-eabi/lib/thumb/v7-m/nofp/libc.a
END GROUP
LOAD /Users/jaredwuerzburger/Library/Application Support/Pebble SDK/SDKs/4.9.148/toolchain/arm-none-eabi/bin/../lib/gcc/arm-none-eabi/14.2.1/thumb/v7-m/nofp/crtend.o
LOAD /Users/jaredwuerzburger/Library/Application Support/Pebble SDK/SDKs/4.9.148/toolchain/arm-none-eabi/bin/../lib/gcc/arm-none-eabi/14.2.1/thumb/v7-m/nofp/crtn.o

.header         0x00000000       0x82
 *(.pbl_header)
 .pbl_header    0x00000000       0x82 basalt/appinfo.auto.c.33.o
                0x00000000                __pbl_app_info

.note.gnu.build-id
                0x00000082       0x26
                [!provide]                        PROVIDE (BUILD_ID = .)
 *(.note.gnu.build-id)
 *fill*         0x00000082        0x2 
 .note.gnu.build-id
                0x00000084       0x24 linker stubs

.text           0x000000a8     0x5398
 *(.text)
 .text          0x000000a8       0x14 /Users/jaredwuerzburger/Library/Application Support/Pebble SDK/SDKs/current/sdk-core/pebble/basalt/lib/libpebble.a(tmpFRPTsFpebble.o)
 .text          0x000000bc      0x21c /Users/jaredwuerzburger/Library/Application Support/Pebble SDK/SDKs/4.9.148/toolchain/arm-none-eabi/bin/../lib/gcc/arm-none-eabi/14.2.1/thumb/v7-m/nofp/libgcc.a(_arm_addsubsf3.o)
                0x000000bc                __aeabi_frsub
                0x000000c4                __aeabi_fsub
                0x000000c4                __subsf3
                0x000000c8                __aeabi_fadd
                0x000000c8                __addsf3
                0x00000228                __aeabi_ui2f
                0x00000228                __floatunsisf
                0x00000230                __floatsisf
                0x00000230                __aeabi_i2f
                0x0000024c                __aeabi_ul2f
                0x0000024c                __floatundisf
                0x0000025c                __aeabi_l2f
                0x0000025c                __floatdisf
 .text          0x000002d8      0x2a0 /Users/jaredwuerzburger/Library/Application Support/Pebble SDK/SDKs/4.9.148/toolchain/arm-none-eabi/bin/../lib/gcc/arm-none-eabi/14.2.1/thumb/v7-m/nofp/libgcc.a(_arm_muldivsf3.o)
                0x000002d8                __mulsf3
                0x000002d8                __aeabi_fmul
                0x00000440                __divsf3
                0x00000440                __aeabi_fdiv
 .text          0x00000578       0xec /Users/jaredwuerzburger/Library/Application Support/Pebble SDK/SDKs/4.9.148/toolchain/arm-none-eabi/bin/../lib/gcc/arm-none-eabi/14.2.1/thumb/v7-m/nofp/libgcc.a(_arm_cmpsf2.o)
                0x00000578                __gesf2
                0x00000578                __gtsf2
                0x00000580                __ltsf2
                0x00000580                __lesf2
                0x00000588                __nesf2
                0x00000588                __eqsf2
                0x00000588                __cmpsf2
                0x000005e8                __aeabi_cfrcmple
                0x000005f0                __aeabi_cfcmpeq
                0x000005f0                __aeabi_cfcmple
                0x00000600                __aeabi_fcmpeq
                0x00000614                __aeabi_fcmplt
                0x00000628                __aeabi_fcmple
                0x0000063c                __aeabi_fcmpge
                0x00000650                __aeabi_fcmpgt
 .text          0x00000664       0x4c /Users/jaredwuerzburger/Library/Application Support/Pebble SDK/SDKs/4.9.148/toolchain/arm-none-eabi/bin/../lib/gcc/arm-none-eabi/14.2.1/thumb/v7-m/nofp/libgcc.a(_arm_fixsfsi.o)
                0x00000664                __fixsfsi
                0x00000664                __aeabi_f2iz
 .text          0x000006b0       0xa0 /Users/jaredwuerzburger/Library/Application Support/Pebble SDK/SDKs/4.9.148/toolchain/arm-none-eabi/bin/../lib/gcc/arm-none-eabi/14.2.1/thumb/v7-m/nofp/libgcc.a(_aeabi_ldivmod.o)
                0x000006b0                __aeabi_ldivmod
 .text          0x00000750        0x4 /Users/jaredwuerzburger/Library/Application Support/Pebble SDK/SDKs/4.9.148/toolchain/arm-none-eabi/bin/../lib/gcc/arm-none-eabi/14.2.1/thumb/v7-m/nofp/libgcc.a(_dvmd_tls.o)
                0x00000750                __aeabi_ldiv0
                0x00000750                __aeabi_idiv0
 *(.text.*)
 .text.prv_round_i32
                0x00000754       0x24 src/c/Sky.c.33.o
 .text.prv_effective_motion_mode
                0x00000778       0x20 src/c/Sky.c.33.o
 .text.prv_lerp_i16
                0x00000798       0x2a src/c/Sky.c.33.o
 *fill*         0x000007c2        0x2 
 .text.prv_noise_2d
                0x000007c4       0x4c src/c/Sky.c.33.o
 .text.prv_luma_itu601
                0x00000810       0x36 src/c/Sky.c.33.o
 .text.prv_expand_channel_pair_toward_delta
                0x00000846       0xc4 src/c/Sky.c.33.o
 .text.prv_widen_pair
                0x0000090a       0x8a src/c/Sky.c.33.o
 .text.prv_widen_palette_contrast
                0x00000994       0x64 src/c/Sky.c.33.o
 .text.prv_enhance_daylight_palette
                0x000009f8      0x1b0 src/c/Sky.c.33.o
 .text.prv_event_moment_strength
                0x00000ba8       0x60 src/c/Sky.c.33.o
 .text.prv_on_minute_tick
                0x00000c08       0x10 src/c/Sky.c.33.o
 .text.prv_window_unload
                0x00000c18       0x18 src/c/Sky.c.33.o
 .text.prv_window_load
                0x00000c30       0x3c src/c/Sky.c.33.o
 .text.prv_daily_variation_seed
                0x00000c6c       0x44 src/c/Sky.c.33.o
 .text.prv_apply_phase_theme
                0x00000cb0      0x3c0 src/c/Sky.c.33.o
 .text.prv_draw_styled_text
                0x00001070      0x132 src/c/Sky.c.33.o
 .text.prv_now_ms
                0x000011a2       0x20 src/c/Sky.c.33.o
 *fill*         0x000011c2        0x2 
 .text.prv_loading_timer_cb
                0x000011c4      0x158 src/c/Sky.c.33.o
 .text.prv_send_refresh_request
                0x0000131c       0x64 src/c/Sky.c.33.o
 .text.prv_start_loading_timer
                0x00001380       0x30 src/c/Sky.c.33.o
 .text.prv_begin_loading
                0x000013b0       0x30 src/c/Sky.c.33.o
 .text.prv_on_connection_event
                0x000013e0       0x30 src/c/Sky.c.33.o
 .text.prv_wave_sine_ms.part.0
                0x00001410       0x34 src/c/Sky.c.33.o
 .text.prv_start_animation_timer
                0x00001444       0x68 src/c/Sky.c.33.o
 .text.prv_animation_timer_cb
                0x000014ac       0x34 src/c/Sky.c.33.o
 .text.prv_restart_animation_timer
                0x000014e0       0x20 src/c/Sky.c.33.o
 .text.prv_ascii_ieq
                0x00001500       0x3e src/c/Sky.c.33.o
 *fill*         0x0000153e        0x2 
 .text.prv_tuple_to_i32
                0x00001540      0x124 src/c/Sky.c.33.o
 .text.prv_apply_minimum_palette_separation
                0x00001664      0x2fc src/c/Sky.c.33.o
 .text.prv_on_message_received
                0x00001960      0x810 src/c/Sky.c.33.o
 .text.prv_effective_gradient_angle_deg
                0x00002170      0x24c src/c/Sky.c.33.o
 .text.prv_sample_gradient_color.isra.0
                0x000023bc      0x908 src/c/Sky.c.33.o
 .text.prv_pick_text_style_for_row.isra.0
                0x00002cc4      0x1e8 src/c/Sky.c.33.o
 .text.prv_draw_face.isra.0
                0x00002eac     0x1808 src/c/Sky.c.33.o
 .text.prv_canvas_update_proc
                0x000046b4      0x368 src/c/Sky.c.33.o
 .text.startup.main
                0x00004a1c      0x120 src/c/Sky.c.33.o
                0x00004a1c                main
 .text.app_event_loop
                0x00004b3c        0xc /Users/jaredwuerzburger/Library/Application Support/Pebble SDK/SDKs/current/sdk-core/pebble/basalt/lib/libpebble.a(tmpFRPTsFpebble.o)
                0x00004b3c                app_event_loop
 .text.app_message_deregister_callbacks
                0x00004b48        0xc /Users/jaredwuerzburger/Library/Application Support/Pebble SDK/SDKs/current/sdk-core/pebble/basalt/lib/libpebble.a(tmpFRPTsFpebble.o)
                0x00004b48                app_message_deregister_callbacks
 .text.app_message_open
                0x00004b54        0xc /Users/jaredwuerzburger/Library/Application Support/Pebble SDK/SDKs/current/sdk-core/pebble/basalt/lib/libpebble.a(tmpFRPTsFpebble.o)
                0x00004b54                app_message_open
 .text.app_timer_cancel
                0x00004b60        0xc /Users/jaredwuerzburger/Library/Application Support/Pebble SDK/SDKs/current/sdk-core/pebble/basalt/lib/libpebble.a(tmpFRPTsFpebble.o)
                0x00004b60                app_timer_cancel
 .text.app_timer_register
                0x00004b6c        0xc /Users/jaredwuerzburger/Library/Application Support/Pebble SDK/SDKs/current/sdk-core/pebble/basalt/lib/libpebble.a(tmpFRPTsFpebble.o)
                0x00004b6c                app_timer_register
 .text.battery_state_service_peek
                0x00004b78        0xc /Users/jaredwuerzburger/Library/Application Support/Pebble SDK/SDKs/current/sdk-core/pebble/basalt/lib/libpebble.a(tmpFRPTsFpebble.o)
                0x00004b78                battery_state_service_peek
 .text.bluetooth_connection_service_peek
                0x00004b84        0xc /Users/jaredwuerzburger/Library/Application Support/Pebble SDK/SDKs/current/sdk-core/pebble/basalt/lib/libpebble.a(tmpFRPTsFpebble.o)
                0x00004b84                bluetooth_connection_service_peek
 .text.bluetooth_connection_service_subscribe
                0x00004b90        0xc /Users/jaredwuerzburger/Library/Application Support/Pebble SDK/SDKs/current/sdk-core/pebble/basalt/lib/libpebble.a(tmpFRPTsFpebble.o)
                0x00004b90                bluetooth_connection_service_subscribe
 .text.bluetooth_connection_service_unsubscribe
                0x00004b9c        0xc /Users/jaredwuerzburger/Library/Application Support/Pebble SDK/SDKs/current/sdk-core/pebble/basalt/lib/libpebble.a(tmpFRPTsFpebble.o)
                0x00004b9c                bluetooth_connection_service_unsubscribe
 .text.clock_is_24h_style
                0x00004ba8        0xc /Users/jaredwuerzburger/Library/Application Support/Pebble SDK/SDKs/current/sdk-core/pebble/basalt/lib/libpebble.a(tmpFRPTsFpebble.o)
                0x00004ba8                clock_is_24h_style
 .text.cos_lookup
                0x00004bb4        0xc /Users/jaredwuerzburger/Library/Application Support/Pebble SDK/SDKs/current/sdk-core/pebble/basalt/lib/libpebble.a(tmpFRPTsFpebble.o)
                0x00004bb4                cos_lookup
 .text.dict_find
                0x00004bc0        0xc /Users/jaredwuerzburger/Library/Application Support/Pebble SDK/SDKs/current/sdk-core/pebble/basalt/lib/libpebble.a(tmpFRPTsFpebble.o)
                0x00004bc0                dict_find
 .text.dict_write_end
                0x00004bcc        0xc /Users/jaredwuerzburger/Library/Application Support/Pebble SDK/SDKs/current/sdk-core/pebble/basalt/lib/libpebble.a(tmpFRPTsFpebble.o)
                0x00004bcc                dict_write_end
 .text.dict_write_uint32
                0x00004bd8        0xc /Users/jaredwuerzburger/Library/Application Support/Pebble SDK/SDKs/current/sdk-core/pebble/basalt/lib/libpebble.a(tmpFRPTsFpebble.o)
                0x00004bd8                dict_write_uint32
 .text.dict_write_uint8
                0x00004be4        0xc /Users/jaredwuerzburger/Library/Application Support/Pebble SDK/SDKs/current/sdk-core/pebble/basalt/lib/libpebble.a(tmpFRPTsFpebble.o)
                0x00004be4                dict_write_uint8
 .text.fonts_get_system_font
                0x00004bf0        0xc /Users/jaredwuerzburger/Library/Application Support/Pebble SDK/SDKs/current/sdk-core/pebble/basalt/lib/libpebble.a(tmpFRPTsFpebble.o)
                0x00004bf0                fonts_get_system_font
 .text.graphics_fill_rect
                0x00004bfc        0xc /Users/jaredwuerzburger/Library/Application Support/Pebble SDK/SDKs/current/sdk-core/pebble/basalt/lib/libpebble.a(tmpFRPTsFpebble.o)
                0x00004bfc                graphics_fill_rect
 .text.layer_add_child
                0x00004c08        0xc /Users/jaredwuerzburger/Library/Application Support/Pebble SDK/SDKs/current/sdk-core/pebble/basalt/lib/libpebble.a(tmpFRPTsFpebble.o)
                0x00004c08                layer_add_child
 .text.layer_create
                0x00004c14        0xc /Users/jaredwuerzburger/Library/Application Support/Pebble SDK/SDKs/current/sdk-core/pebble/basalt/lib/libpebble.a(tmpFRPTsFpebble.o)
                0x00004c14                layer_create
 .text.layer_destroy
                0x00004c20        0xc /Users/jaredwuerzburger/Library/Application Support/Pebble SDK/SDKs/current/sdk-core/pebble/basalt/lib/libpebble.a(tmpFRPTsFpebble.o)
                0x00004c20                layer_destroy
 .text.layer_get_bounds
                0x00004c2c        0xc /Users/jaredwuerzburger/Library/Application Support/Pebble SDK/SDKs/current/sdk-core/pebble/basalt/lib/libpebble.a(tmpFRPTsFpebble.o)
                0x00004c2c                layer_get_bounds
 .text.layer_mark_dirty
                0x00004c38        0xc /Users/jaredwuerzburger/Library/Application Support/Pebble SDK/SDKs/current/sdk-core/pebble/basalt/lib/libpebble.a(tmpFRPTsFpebble.o)
                0x00004c38                layer_mark_dirty
 .text.layer_set_update_proc
                0x00004c44        0xc /Users/jaredwuerzburger/Library/Application Support/Pebble SDK/SDKs/current/sdk-core/pebble/basalt/lib/libpebble.a(tmpFRPTsFpebble.o)
                0x00004c44                layer_set_update_proc
 .text.sin_lookup
                0x00004c50        0xc /Users/jaredwuerzburger/Library/Application Support/Pebble SDK/SDKs/current/sdk-core/pebble/basalt/lib/libpebble.a(tmpFRPTsFpebble.o)
                0x00004c50                sin_lookup
 .text.snprintf
                0x00004c5c        0xc /Users/jaredwuerzburger/Library/Application Support/Pebble SDK/SDKs/current/sdk-core/pebble/basalt/lib/libpebble.a(tmpFRPTsFpebble.o)
                0x00004c5c                snprintf
 .text.strcmp   0x00004c68        0xc /Users/jaredwuerzburger/Library/Application Support/Pebble SDK/SDKs/current/sdk-core/pebble/basalt/lib/libpebble.a(tmpFRPTsFpebble.o)
                0x00004c68                strcmp
 .text.strcpy   0x00004c74        0xc /Users/jaredwuerzburger/Library/Application Support/Pebble SDK/SDKs/current/sdk-core/pebble/basalt/lib/libpebble.a(tmpFRPTsFpebble.o)
                0x00004c74                strcpy
 .text.strftime
                0x00004c80        0xc /Users/jaredwuerzburger/Library/Application Support/Pebble SDK/SDKs/current/sdk-core/pebble/basalt/lib/libpebble.a(tmpFRPTsFpebble.o)
                0x00004c80                strftime
 .text.tick_timer_service_subscribe
                0x00004c8c        0xc /Users/jaredwuerzburger/Library/Application Support/Pebble SDK/SDKs/current/sdk-core/pebble/basalt/lib/libpebble.a(tmpFRPTsFpebble.o)
                0x00004c8c                tick_timer_service_subscribe
 .text.tick_timer_service_unsubscribe
                0x00004c98        0xc /Users/jaredwuerzburger/Library/Application Support/Pebble SDK/SDKs/current/sdk-core/pebble/basalt/lib/libpebble.a(tmpFRPTsFpebble.o)
                0x00004c98                tick_timer_service_unsubscribe
 .text.window_create
                0x00004ca4        0xc /Users/jaredwuerzburger/Library/Application Support/Pebble SDK/SDKs/current/sdk-core/pebble/basalt/lib/libpebble.a(tmpFRPTsFpebble.o)
                0x00004ca4                window_create
 .text.window_destroy
                0x00004cb0        0xc /Users/jaredwuerzburger/Library/Application Support/Pebble SDK/SDKs/current/sdk-core/pebble/basalt/lib/libpebble.a(tmpFRPTsFpebble.o)
                0x00004cb0                window_destroy
 .text.window_get_root_layer
                0x00004cbc        0xc /Users/jaredwuerzburger/Library/Application Support/Pebble SDK/SDKs/current/sdk-core/pebble/basalt/lib/libpebble.a(tmpFRPTsFpebble.o)
                0x00004cbc                window_get_root_layer
 .text.window_set_window_handlers
                0x00004cc8        0xc /Users/jaredwuerzburger/Library/Application Support/Pebble SDK/SDKs/current/sdk-core/pebble/basalt/lib/libpebble.a(tmpFRPTsFpebble.o)
                0x00004cc8                window_set_window_handlers
 .text.window_stack_push
                0x00004cd4        0xc /Users/jaredwuerzburger/Library/Application Support/Pebble SDK/SDKs/current/sdk-core/pebble/basalt/lib/libpebble.a(tmpFRPTsFpebble.o)
                0x00004cd4                window_stack_push
 .text.app_message_outbox_begin
                0x00004ce0        0xc /Users/jaredwuerzburger/Library/Application Support/Pebble SDK/SDKs/current/sdk-core/pebble/basalt/lib/libpebble.a(tmpFRPTsFpebble.o)
                0x00004ce0                app_message_outbox_begin
 .text.app_message_outbox_send
                0x00004cec        0xc /Users/jaredwuerzburger/Library/Application Support/Pebble SDK/SDKs/current/sdk-core/pebble/basalt/lib/libpebble.a(tmpFRPTsFpebble.o)
                0x00004cec                app_message_outbox_send
 .text.app_message_register_inbox_received
                0x00004cf8        0xc /Users/jaredwuerzburger/Library/Application Support/Pebble SDK/SDKs/current/sdk-core/pebble/basalt/lib/libpebble.a(tmpFRPTsFpebble.o)
                0x00004cf8                app_message_register_inbox_received
 .text.graphics_draw_text
                0x00004d04        0xc /Users/jaredwuerzburger/Library/Application Support/Pebble SDK/SDKs/current/sdk-core/pebble/basalt/lib/libpebble.a(tmpFRPTsFpebble.o)
                0x00004d04                graphics_draw_text
 .text.graphics_text_layout_get_content_size
                0x00004d10        0xc /Users/jaredwuerzburger/Library/Application Support/Pebble SDK/SDKs/current/sdk-core/pebble/basalt/lib/libpebble.a(tmpFRPTsFpebble.o)
                0x00004d10                graphics_text_layout_get_content_size
 .text.graphics_context_set_fill_color
                0x00004d1c        0xc /Users/jaredwuerzburger/Library/Application Support/Pebble SDK/SDKs/current/sdk-core/pebble/basalt/lib/libpebble.a(tmpFRPTsFpebble.o)
                0x00004d1c                graphics_context_set_fill_color
 .text.graphics_context_set_text_color
                0x00004d28        0xc /Users/jaredwuerzburger/Library/Application Support/Pebble SDK/SDKs/current/sdk-core/pebble/basalt/lib/libpebble.a(tmpFRPTsFpebble.o)
                0x00004d28                graphics_context_set_text_color
 .text.localtime
                0x00004d34        0xc /Users/jaredwuerzburger/Library/Application Support/Pebble SDK/SDKs/current/sdk-core/pebble/basalt/lib/libpebble.a(tmpFRPTsFpebble.o)
                0x00004d34                localtime
 .text.time     0x00004d40        0xc /Users/jaredwuerzburger/Library/Application Support/Pebble SDK/SDKs/current/sdk-core/pebble/basalt/lib/libpebble.a(tmpFRPTsFpebble.o)
                0x00004d40                time
 .text.time_ms  0x00004d4c        0xc /Users/jaredwuerzburger/Library/Application Support/Pebble SDK/SDKs/current/sdk-core/pebble/basalt/lib/libpebble.a(tmpFRPTsFpebble.o)
                0x00004d4c                time_ms
 .text.__udivmoddi4
                0x00004d58      0x2f4 /Users/jaredwuerzburger/Library/Application Support/Pebble SDK/SDKs/4.9.148/toolchain/arm-none-eabi/bin/../lib/gcc/arm-none-eabi/14.2.1/thumb/v7-m/nofp/libgcc.a(_udivmoddi4.o)
                0x00004d58                __udivmoddi4
 *(.rodata)
 *(.rodata*)
 .rodata.prv_tuple_to_i32.str1.1
                0x0000504c      0x2b5 src/c/Sky.c.33.o
                                 0x19 (size before relaxing)
 .rodata.prv_on_message_received.str1.1
                0x00005301        0x3 src/c/Sky.c.33.o
 .rodata.prv_draw_face.isra.0.str1.1
                0x00005301      0x17a src/c/Sky.c.33.o
 .rodata.prv_canvas_update_proc.str1.1
                0x00005301       0x89 src/c/Sky.c.33.o
 .rodata.main.str1.1
                0x00005301       0x36 src/c/Sky.c.33.o
 .rodata.CSWTCH.209
                0x00005301        0x6 src/c/Sky.c.33.o
 .rodata.CSWTCH.207
                0x00005307        0x6 src/c/Sky.c.33.o
 .rodata.str1.1
                0x0000530d       0x8b src/c/Sky.c.33.o
 *fill*         0x0000530d        0x3 
 .rodata.s_render_profiles
                0x00005310       0xdc src/c/Sky.c.33.o
 .rodata.s_atmosphere
                0x000053ec       0x54 src/c/Sky.c.33.o

.glue_7         0x00005440        0x0
 .glue_7        0x00005440        0x0 linker stubs

.glue_7t        0x00005440        0x0
 .glue_7t       0x00005440        0x0 linker stubs

.vfp11_veneer   0x00005440        0x0
 .vfp11_veneer  0x00005440        0x0 linker stubs

.v4_bx          0x00005440        0x0
 .v4_bx         0x00005440        0x0 linker stubs

.init           0x00005440        0x4
 .init          0x00005440        0x4 /Users/jaredwuerzburger/Library/Application Support/Pebble SDK/SDKs/4.9.148/toolchain/arm-none-eabi/bin/../lib/gcc/arm-none-eabi/14.2.1/thumb/v7-m/nofp/crti.o
                0x00005440                _init

.fini           0x00005444        0x4
 .fini          0x00005444        0x4 /Users/jaredwuerzburger/Library/Application Support/Pebble SDK/SDKs/4.9.148/toolchain/arm-none-eabi/bin/../lib/gcc/arm-none-eabi/14.2.1/thumb/v7-m/nofp/crti.o
                0x00005444                _fini

.iplt           0x00005448        0x0
 .iplt          0x00005448        0x0 src/c/Sky.c.33.o

.rel.dyn        0x00005448        0x0
 .rel.iplt      0x00005448        0x0 src/c/Sky.c.33.o
 .rel.got       0x00005448        0x0 src/c/Sky.c.33.o

.ARM.exidx.text.__udivmoddi4
                0x00005448        0x8
 .ARM.exidx.text.__udivmoddi4
                0x00005448        0x8 /Users/jaredwuerzburger/Library/Application Support/Pebble SDK/SDKs/4.9.148/toolchain/arm-none-eabi/bin/../lib/gcc/arm-none-eabi/14.2.1/thumb/v7-m/nofp/libgcc.a(_udivmoddi4.o)

.data           0x00005450      0x1f4
 *(.data)
 .data          0x00005450        0x0 /Users/jaredwuerzburger/Library/Application Support/Pebble SDK/SDKs/4.9.148/toolchain/arm-none-eabi/bin/../lib/gcc/arm-none-eabi/14.2.1/thumb/v7-m/nofp/crti.o
 .data          0x00005450        0x0 /Users/jaredwuerzburger/Library/Application Support/Pebble SDK/SDKs/4.9.148/toolchain/arm-none-eabi/bin/../lib/gcc/arm-none-eabi/14.2.1/thumb/v7-m/nofp/crtbegin.o
 .data          0x00005450        0x0 /Users/jaredwuerzburger/Library/Application Support/Pebble SDK/SDKs/4.9.148/toolchain/arm-none-eabi/bin/../lib/gcc/arm-none-eabi/14.2.1/../../../../arm-none-eabi/lib/thumb/v7-m/nofp/crt0.o
 .data          0x00005450        0x0 src/c/Sky.c.33.o
 .data          0x00005450        0x0 basalt/appinfo.auto.c.33.o
 .data          0x00005450        0x0 basalt/src/resource_ids.auto.c.33.o
 .data          0x00005450        0x0 src/message_keys.auto.c.33.o
 .data          0x00005450        0x0 /Users/jaredwuerzburger/Library/Application Support/Pebble SDK/SDKs/current/sdk-core/pebble/basalt/lib/libpebble.a(tmpFRPTsFpebble.o)
 .data          0x00005450        0x0 /Users/jaredwuerzburger/Library/Application Support/Pebble SDK/SDKs/4.9.148/toolchain/arm-none-eabi/bin/../lib/gcc/arm-none-eabi/14.2.1/thumb/v7-m/nofp/libgcc.a(_arm_mulsf3.o)
 .data          0x00005450        0x0 /Users/jaredwuerzburger/Library/Application Support/Pebble SDK/SDKs/4.9.148/toolchain/arm-none-eabi/bin/../lib/gcc/arm-none-eabi/14.2.1/thumb/v7-m/nofp/libgcc.a(_arm_addsubsf3.o)
 .data          0x00005450        0x0 /Users/jaredwuerzburger/Library/Application Support/Pebble SDK/SDKs/4.9.148/toolchain/arm-none-eabi/bin/../lib/gcc/arm-none-eabi/14.2.1/thumb/v7-m/nofp/libgcc.a(_arm_muldivsf3.o)
 .data          0x00005450        0x0 /Users/jaredwuerzburger/Library/Application Support/Pebble SDK/SDKs/4.9.148/toolchain/arm-none-eabi/bin/../lib/gcc/arm-none-eabi/14.2.1/thumb/v7-m/nofp/libgcc.a(_arm_cmpsf2.o)
 .data          0x00005450        0x0 /Users/jaredwuerzburger/Library/Application Support/Pebble SDK/SDKs/4.9.148/toolchain/arm-none-eabi/bin/../lib/gcc/arm-none-eabi/14.2.1/thumb/v7-m/nofp/libgcc.a(_arm_fixsfsi.o)
 .data          0x00005450        0x0 /Users/jaredwuerzburger/Library/Application Support/Pebble SDK/SDKs/4.9.148/toolchain/arm-none-eabi/bin/../lib/gcc/arm-none-eabi/14.2.1/thumb/v7-m/nofp/libgcc.a(_aeabi_ldivmod.o)
 .data          0x00005450        0x0 /Users/jaredwuerzburger/Library/Application Support/Pebble SDK/SDKs/4.9.148/toolchain/arm-none-eabi/bin/../lib/gcc/arm-none-eabi/14.2.1/thumb/v7-m/nofp/libgcc.a(_udivmoddi4.o)
 .data          0x00005450        0x0 /Users/jaredwuerzburger/Library/Application Support/Pebble SDK/SDKs/4.9.148/toolchain/arm-none-eabi/bin/../lib/gcc/arm-none-eabi/14.2.1/thumb/v7-m/nofp/libgcc.a(_dvmd_tls.o)
 .data          0x00005450        0x0 /Users/jaredwuerzburger/Library/Application Support/Pebble SDK/SDKs/4.9.148/toolchain/arm-none-eabi/bin/../lib/gcc/arm-none-eabi/14.2.1/../../../../arm-none-eabi/lib/thumb/v7-m/nofp/libc.a(libc_a-atexit.o)
 .data          0x00005450        0x0 /Users/jaredwuerzburger/Library/Application Support/Pebble SDK/SDKs/4.9.148/toolchain/arm-none-eabi/bin/../lib/gcc/arm-none-eabi/14.2.1/../../../../arm-none-eabi/lib/thumb/v7-m/nofp/libc.a(libc_a-exit.o)
 .data          0x00005450        0x0 /Users/jaredwuerzburger/Library/Application Support/Pebble SDK/SDKs/4.9.148/toolchain/arm-none-eabi/bin/../lib/gcc/arm-none-eabi/14.2.1/../../../../arm-none-eabi/lib/thumb/v7-m/nofp/libc.a(libc_a-findfp.o)
 .data          0x00005450        0x0 /Users/jaredwuerzburger/Library/Application Support/Pebble SDK/SDKs/4.9.148/toolchain/arm-none-eabi/bin/../lib/gcc/arm-none-eabi/14.2.1/../../../../arm-none-eabi/lib/thumb/v7-m/nofp/libc.a(libc_a-impure.o)
 .data          0x00005450        0x0 /Users/jaredwuerzburger/Library/Application Support/Pebble SDK/SDKs/4.9.148/toolchain/arm-none-eabi/bin/../lib/gcc/arm-none-eabi/14.2.1/../../../../arm-none-eabi/lib/thumb/v7-m/nofp/libc.a(libc_a-init.o)
 .data          0x00005450        0x0 /Users/jaredwuerzburger/Library/Application Support/Pebble SDK/SDKs/4.9.148/toolchain/arm-none-eabi/bin/../lib/gcc/arm-none-eabi/14.2.1/../../../../arm-none-eabi/lib/thumb/v7-m/nofp/libc.a(libc_a-fini.o)
 .data          0x00005450        0x0 /Users/jaredwuerzburger/Library/Application Support/Pebble SDK/SDKs/4.9.148/toolchain/arm-none-eabi/bin/../lib/gcc/arm-none-eabi/14.2.1/../../../../arm-none-eabi/lib/thumb/v7-m/nofp/libc.a(libc_a-lock.o)
 .data          0x00005450        0x0 /Users/jaredwuerzburger/Library/Application Support/Pebble SDK/SDKs/4.9.148/toolchain/arm-none-eabi/bin/../lib/gcc/arm-none-eabi/14.2.1/../../../../arm-none-eabi/lib/thumb/v7-m/nofp/libc.a(libc_a-__atexit.o)
 .data          0x00005450        0x0 /Users/jaredwuerzburger/Library/Application Support/Pebble SDK/SDKs/4.9.148/toolchain/arm-none-eabi/bin/../lib/gcc/arm-none-eabi/14.2.1/../../../../arm-none-eabi/lib/thumb/v7-m/nofp/libc.a(libc_a-__call_atexit.o)
 .data          0x00005450        0x0 /Users/jaredwuerzburger/Library/Application Support/Pebble SDK/SDKs/4.9.148/toolchain/arm-none-eabi/bin/../lib/gcc/arm-none-eabi/14.2.1/../../../../arm-none-eabi/lib/thumb/v7-m/nofp/libc.a(libc_a-mallocr.o)
 .data          0x00005450        0x0 /Users/jaredwuerzburger/Library/Application Support/Pebble SDK/SDKs/4.9.148/toolchain/arm-none-eabi/bin/../lib/gcc/arm-none-eabi/14.2.1/../../../../arm-none-eabi/lib/thumb/v7-m/nofp/libc.a(libc_a-mlock.o)
 .data          0x00005450        0x0 /Users/jaredwuerzburger/Library/Application Support/Pebble SDK/SDKs/4.9.148/toolchain/arm-none-eabi/bin/../lib/gcc/arm-none-eabi/14.2.1/../../../../arm-none-eabi/lib/thumb/v7-m/nofp/libc.a(libc_a-fwalk.o)
 .data          0x00005450        0x0 /Users/jaredwuerzburger/Library/Application Support/Pebble SDK/SDKs/4.9.148/toolchain/arm-none-eabi/bin/../lib/gcc/arm-none-eabi/14.2.1/../../../../arm-none-eabi/lib/thumb/v7-m/nofp/libc.a(libc_a-fclose.o)
 .data          0x00005450        0x0 /Users/jaredwuerzburger/Library/Application Support/Pebble SDK/SDKs/4.9.148/toolchain/arm-none-eabi/bin/../lib/gcc/arm-none-eabi/14.2.1/../../../../arm-none-eabi/lib/thumb/v7-m/nofp/libc.a(libc_a-fflush.o)
 .data          0x00005450        0x0 /Users/jaredwuerzburger/Library/Application Support/Pebble SDK/SDKs/4.9.148/toolchain/arm-none-eabi/bin/../lib/gcc/arm-none-eabi/14.2.1/../../../../arm-none-eabi/lib/thumb/v7-m/nofp/libc.a(libc_a-stdio.o)
 .data          0x00005450        0x0 /Users/jaredwuerzburger/Library/Application Support/Pebble SDK/SDKs/4.9.148/toolchain/arm-none-eabi/bin/../lib/gcc/arm-none-eabi/14.2.1/../../../../arm-none-eabi/lib/thumb/v7-m/nofp/libc.a(libc_a-closer.o)
 .data          0x00005450        0x0 /Users/jaredwuerzburger/Library/Application Support/Pebble SDK/SDKs/4.9.148/toolchain/arm-none-eabi/bin/../lib/gcc/arm-none-eabi/14.2.1/../../../../arm-none-eabi/lib/thumb/v7-m/nofp/libc.a(libc_a-reent.o)
 .data          0x00005450        0x0 /Users/jaredwuerzburger/Library/Application Support/Pebble SDK/SDKs/4.9.148/toolchain/arm-none-eabi/bin/../lib/gcc/arm-none-eabi/14.2.1/../../../../arm-none-eabi/lib/thumb/v7-m/nofp/libc.a(libc_a-lseekr.o)
 .data          0x00005450        0x0 /Users/jaredwuerzburger/Library/Application Support/Pebble SDK/SDKs/4.9.148/toolchain/arm-none-eabi/bin/../lib/gcc/arm-none-eabi/14.2.1/../../../../arm-none-eabi/lib/thumb/v7-m/nofp/libc.a(libc_a-readr.o)
 .data          0x00005450        0x0 /Users/jaredwuerzburger/Library/Application Support/Pebble SDK/SDKs/4.9.148/toolchain/arm-none-eabi/bin/../lib/gcc/arm-none-eabi/14.2.1/../../../../arm-none-eabi/lib/thumb/v7-m/nofp/libc.a(libc_a-sbrkr.o)
 .data          0x00005450        0x0 /Users/jaredwuerzburger/Library/Application Support/Pebble SDK/SDKs/4.9.148/toolchain/arm-none-eabi/bin/../lib/gcc/arm-none-eabi/14.2.1/../../../../arm-none-eabi/lib/thumb/v7-m/nofp/libc.a(libc_a-writer.o)
 .data          0x00005450        0x0 /Users/jaredwuerzburger/Library/Application Support/Pebble SDK/SDKs/4.9.148/toolchain/arm-none-eabi/bin/../lib/gcc/arm-none-eabi/14.2.1/../../../../arm-none-eabi/lib/thumb/v7-m/nofp/libc.a(libc_a-sysconf.o)
 .data          0x00005450        0x0 /Users/jaredwuerzburger/Library/Application Support/Pebble SDK/SDKs/4.9.148/toolchain/arm-none-eabi/bin/../lib/gcc/arm-none-eabi/14.2.1/../../../../arm-none-eabi/lib/thumb/v7-m/nofp/libc.a(libc_a-freer.o)
 .data          0x00005450        0x0 /Users/jaredwuerzburger/Library/Application Support/Pebble SDK/SDKs/4.9.148/toolchain/arm-none-eabi/bin/../lib/gcc/arm-none-eabi/14.2.1/../../../../arm-none-eabi/lib/thumb/v7-m/nofp/libc.a(libc_a-errno.o)
 .data          0x00005450        0x0 /Users/jaredwuerzburger/Library/Application Support/Pebble SDK/SDKs/4.9.148/toolchain/arm-none-eabi/bin/../lib/gcc/arm-none-eabi/14.2.1/thumb/v7-m/nofp/crtend.o
 .data          0x00005450        0x0 /Users/jaredwuerzburger/Library/Application Support/Pebble SDK/SDKs/4.9.148/toolchain/arm-none-eabi/bin/../lib/gcc/arm-none-eabi/14.2.1/thumb/v7-m/nofp/crtn.o
 *(.data.*)
 .data.s_state  0x00005450      0x118 src/c/Sky.c.33.o
 .data.rel.ro.local.s_band_names
                0x00005568       0x38 src/c/Sky.c.33.o
 .data.MESSAGE_KEY_WeatherWindX10
                0x000055a0        0x4 src/message_keys.auto.c.33.o
                0x000055a0                MESSAGE_KEY_WeatherWindX10
 .data.MESSAGE_KEY_WeatherUpdatedEpoch
                0x000055a4        0x4 src/message_keys.auto.c.33.o
                0x000055a4                MESSAGE_KEY_WeatherUpdatedEpoch
 .data.MESSAGE_KEY_WeatherUnitFahrenheit
                0x000055a8        0x4 src/message_keys.auto.c.33.o
                0x000055a8                MESSAGE_KEY_WeatherUnitFahrenheit
 .data.MESSAGE_KEY_WeatherTempX10
                0x000055ac        0x4 src/message_keys.auto.c.33.o
                0x000055ac                MESSAGE_KEY_WeatherTempX10
 .data.MESSAGE_KEY_WeatherStatus
                0x000055b0        0x4 src/message_keys.auto.c.33.o
                0x000055b0                MESSAGE_KEY_WeatherStatus
 .data.MESSAGE_KEY_WeatherPrecipX100
                0x000055b4        0x4 src/message_keys.auto.c.33.o
                0x000055b4                MESSAGE_KEY_WeatherPrecipX100
 .data.MESSAGE_KEY_WeatherEnabled
                0x000055b8        0x4 src/message_keys.auto.c.33.o
                0x000055b8                MESSAGE_KEY_WeatherEnabled
 .data.MESSAGE_KEY_WeatherDetailLevel
                0x000055bc        0x4 src/message_keys.auto.c.33.o
                0x000055bc                MESSAGE_KEY_WeatherDetailLevel
 .data.MESSAGE_KEY_WeatherCode
                0x000055c0        0x4 src/message_keys.auto.c.33.o
                0x000055c0                MESSAGE_KEY_WeatherCode
 .data.MESSAGE_KEY_WeatherCloudCover
                0x000055c4        0x4 src/message_keys.auto.c.33.o
                0x000055c4                MESSAGE_KEY_WeatherCloudCover
 .data.MESSAGE_KEY_TimeSizeGabbro
                0x000055c8        0x4 src/message_keys.auto.c.33.o
                0x000055c8                MESSAGE_KEY_TimeSizeGabbro
 .data.MESSAGE_KEY_TimeSizeEmery
                0x000055cc        0x4 src/message_keys.auto.c.33.o
                0x000055cc                MESSAGE_KEY_TimeSizeEmery
 .data.MESSAGE_KEY_TimeSizeChalk
                0x000055d0        0x4 src/message_keys.auto.c.33.o
                0x000055d0                MESSAGE_KEY_TimeSizeChalk
 .data.MESSAGE_KEY_TimeSizeBasalt
                0x000055d4        0x4 src/message_keys.auto.c.33.o
                0x000055d4                MESSAGE_KEY_TimeSizeBasalt
 .data.MESSAGE_KEY_TimeFormat
                0x000055d8        0x4 src/message_keys.auto.c.33.o
                0x000055d8                MESSAGE_KEY_TimeFormat
 .data.MESSAGE_KEY_TextOverrideMode
                0x000055dc        0x4 src/message_keys.auto.c.33.o
                0x000055dc                MESSAGE_KEY_TextOverrideMode
 .data.MESSAGE_KEY_StatusCode
                0x000055e0        0x4 src/message_keys.auto.c.33.o
                0x000055e0                MESSAGE_KEY_StatusCode
 .data.MESSAGE_KEY_SourceCode
                0x000055e4        0x4 src/message_keys.auto.c.33.o
                0x000055e4                MESSAGE_KEY_SourceCode
 .data.MESSAGE_KEY_ReloadFaceToken
                0x000055e8        0x4 src/message_keys.auto.c.33.o
                0x000055e8                MESSAGE_KEY_ReloadFaceToken
 .data.MESSAGE_KEY_RefreshRequest
                0x000055ec        0x4 src/message_keys.auto.c.33.o
                0x000055ec                MESSAGE_KEY_RefreshRequest
 .data.MESSAGE_KEY_ProgressPercent
                0x000055f0        0x4 src/message_keys.auto.c.33.o
                0x000055f0                MESSAGE_KEY_ProgressPercent
 .data.MESSAGE_KEY_NextSolarPhaseId
                0x000055f4        0x4 src/message_keys.auto.c.33.o
                0x000055f4                MESSAGE_KEY_NextSolarPhaseId
 .data.MESSAGE_KEY_NextSolarPhaseEpoch
                0x000055f8        0x4 src/message_keys.auto.c.33.o
                0x000055f8                MESSAGE_KEY_NextSolarPhaseEpoch
 .data.MESSAGE_KEY_MotionMode
                0x000055fc        0x4 src/message_keys.auto.c.33.o
                0x000055fc                MESSAGE_KEY_MotionMode
 .data.MESSAGE_KEY_LongitudeE6
                0x00005600        0x4 src/message_keys.auto.c.33.o
                0x00005600                MESSAGE_KEY_LongitudeE6
 .data.MESSAGE_KEY_LatitudeE6
                0x00005604        0x4 src/message_keys.auto.c.33.o
                0x00005604                MESSAGE_KEY_LatitudeE6
 .data.MESSAGE_KEY_GradientSpread
                0x00005608        0x4 src/message_keys.auto.c.33.o
                0x00005608                MESSAGE_KEY_GradientSpread
 .data.MESSAGE_KEY_GradientAngleDegX100
                0x0000560c        0x4 src/message_keys.auto.c.33.o
                0x0000560c                MESSAGE_KEY_GradientAngleDegX100
 .data.MESSAGE_KEY_FooterSlot6
                0x00005610        0x4 src/message_keys.auto.c.33.o
                0x00005610                MESSAGE_KEY_FooterSlot6
 .data.MESSAGE_KEY_FooterSlot5
                0x00005614        0x4 src/message_keys.auto.c.33.o
                0x00005614                MESSAGE_KEY_FooterSlot5
 .data.MESSAGE_KEY_FooterSlot4
                0x00005618        0x4 src/message_keys.auto.c.33.o
                0x00005618                MESSAGE_KEY_FooterSlot4
 .data.MESSAGE_KEY_FooterSlot3
                0x0000561c        0x4 src/message_keys.auto.c.33.o
                0x0000561c                MESSAGE_KEY_FooterSlot3
 .data.MESSAGE_KEY_DevSweepEnabled
                0x00005620        0x4 src/message_keys.auto.c.33.o
                0x00005620                MESSAGE_KEY_DevSweepEnabled
 .data.MESSAGE_KEY_DevShowDebugOverlay
                0x00005624        0x4 src/message_keys.auto.c.33.o
                0x00005624                MESSAGE_KEY_DevShowDebugOverlay
 .data.MESSAGE_KEY_DevModeEnabled
                0x00005628        0x4 src/message_keys.auto.c.33.o
                0x00005628                MESSAGE_KEY_DevModeEnabled
 .data.MESSAGE_KEY_CurrentSolarPhaseId
                0x0000562c        0x4 src/message_keys.auto.c.33.o
                0x0000562c                MESSAGE_KEY_CurrentSolarPhaseId
 .data.MESSAGE_KEY_ComputedAtEpoch
                0x00005630        0x4 src/message_keys.auto.c.33.o
                0x00005630                MESSAGE_KEY_ComputedAtEpoch
 .data.MESSAGE_KEY_CityName
                0x00005634        0x4 src/message_keys.auto.c.33.o
                0x00005634                MESSAGE_KEY_CityName
 .data.MESSAGE_KEY_BatterySaveMode
                0x00005638        0x4 src/message_keys.auto.c.33.o
                0x00005638                MESSAGE_KEY_BatterySaveMode
 .data.MESSAGE_KEY_AzimuthDegX100
                0x0000563c        0x4 src/message_keys.auto.c.33.o
                0x0000563c                MESSAGE_KEY_AzimuthDegX100
 .data.MESSAGE_KEY_AltitudeDegX100
                0x00005640        0x4 src/message_keys.auto.c.33.o
                0x00005640                MESSAGE_KEY_AltitudeDegX100

.igot.plt       0x00005644        0x0
 .igot.plt      0x00005644        0x0 src/c/Sky.c.33.o

.got            0x00005644       0xa4
 .got           0x00005644       0xa4 src/c/Sky.c.33.o

.got.plt        0x000056e8        0xc
 .got.plt       0x000056e8        0xc src/c/Sky.c.33.o
                0x000056e8                _GLOBAL_OFFSET_TABLE_

.bss            0x000056f4       0x20
 *(.bss)
 *(.bss.*)
 .bss.s_info_font_small
                0x000056f4        0x4 src/c/Sky.c.33.o
 .bss.s_info_font_large
                0x000056f8        0x4 src/c/Sky.c.33.o
 .bss.s_time_font
                0x000056fc        0x4 src/c/Sky.c.33.o
 .bss.s_active_profile
                0x00005700        0x4 src/c/Sky.c.33.o
 .bss.s_animation_timer
                0x00005704        0x4 src/c/Sky.c.33.o
 .bss.s_loading_timer
                0x00005708        0x4 src/c/Sky.c.33.o
 .bss.s_canvas_layer
                0x0000570c        0x4 src/c/Sky.c.33.o
 .bss.s_window  0x00005710        0x4 src/c/Sky.c.33.o

DISCARD
 libc.a(*)
 libm.a(*)
 libgcc.a(*)
 *(.eh_frame)
OUTPUT(/Users/jaredwuerzburger/Documents/GitHub/Sky_C_Real/build/basalt/pebble-app.elf elf32-littlearm)
LOAD linker stubs
LOAD /Users/jaredwuerzburger/Library/Application Support/Pebble SDK/SDKs/4.9.148/toolchain/arm-none-eabi/bin/../lib/gcc/arm-none-eabi/14.2.1/../../../../arm-none-eabi/lib/thumb/v7-m/nofp/libc.a
LOAD /Users/jaredwuerzburger/Library/Application Support/Pebble SDK/SDKs/4.9.148/toolchain/arm-none-eabi/bin/../lib/gcc/arm-none-eabi/14.2.1/../../../../arm-none-eabi/lib/thumb/v7-m/nofp/libm.a
LOAD /Users/jaredwuerzburger/Library/Application Support/Pebble SDK/SDKs/4.9.148/toolchain/arm-none-eabi/bin/../lib/gcc/arm-none-eabi/14.2.1/thumb/v7-m/nofp/libgcc.a

.ARM.attributes
                0x00000000       0x29
 .ARM.attributes
                0x00000000       0x1d /Users/jaredwuerzburger/Library/Application Support/Pebble SDK/SDKs/4.9.148/toolchain/arm-none-eabi/bin/../lib/gcc/arm-none-eabi/14.2.1/thumb/v7-m/nofp/crti.o
 .ARM.attributes
                0x0000001d       0x2d /Users/jaredwuerzburger/Library/Application Support/Pebble SDK/SDKs/4.9.148/toolchain/arm-none-eabi/bin/../lib/gcc/arm-none-eabi/14.2.1/thumb/v7-m/nofp/crtbegin.o
 .ARM.attributes
                0x0000004a       0x1b /Users/jaredwuerzburger/Library/Application Support/Pebble SDK/SDKs/4.9.148/toolchain/arm-none-eabi/bin/../lib/gcc/arm-none-eabi/14.2.1/../../../../arm-none-eabi/lib/thumb/v7-m/nofp/crt0.o
 .ARM.attributes
                0x00000065       0x2d src/c/Sky.c.33.o
 .ARM.attributes
                0x00000092       0x2d basalt/appinfo.auto.c.33.o
 .ARM.attributes
                0x000000bf       0x2d basalt/src/resource_ids.auto.c.33.o
 .ARM.attributes
                0x000000ec       0x2d src/message_keys.auto.c.33.o
 .ARM.attributes
                0x00000119       0x21 /Users/jaredwuerzburger/Library/Application Support/Pebble SDK/SDKs/current/sdk-core/pebble/basalt/lib/libpebble.a(tmpFRPTsFpebble.o)
 .ARM.attributes
                0x0000013a       0x1d /Users/jaredwuerzburger/Library/Application Support/Pebble SDK/SDKs/4.9.148/toolchain/arm-none-eabi/bin/../lib/gcc/arm-none-eabi/14.2.1/thumb/v7-m/nofp/libgcc.a(_arm_mulsf3.o)
 .ARM.attributes
                0x00000157       0x1d /Users/jaredwuerzburger/Library/Application Support/Pebble SDK/SDKs/4.9.148/toolchain/arm-none-eabi/bin/../lib/gcc/arm-none-eabi/14.2.1/thumb/v7-m/nofp/libgcc.a(_arm_addsubsf3.o)
 .ARM.attributes
                0x00000174       0x1d /Users/jaredwuerzburger/Library/Application Support/Pebble SDK/SDKs/4.9.148/toolchain/arm-none-eabi/bin/../lib/gcc/arm-none-eabi/14.2.1/thumb/v7-m/nofp/libgcc.a(_arm_muldivsf3.o)
 .ARM.attributes
                0x00000191       0x1d /Users/jaredwuerzburger/Library/Application Support/Pebble SDK/SDKs/4.9.148/toolchain/arm-none-eabi/bin/../lib/gcc/arm-none-eabi/14.2.1/thumb/v7-m/nofp/libgcc.a(_arm_cmpsf2.o)
 .ARM.attributes
                0x000001ae       0x1d /Users/jaredwuerzburger/Library/Application Support/Pebble SDK/SDKs/4.9.148/toolchain/arm-none-eabi/bin/../lib/gcc/arm-none-eabi/14.2.1/thumb/v7-m/nofp/libgcc.a(_arm_fixsfsi.o)
 .ARM.attributes
                0x000001cb       0x1d /Users/jaredwuerzburger/Library/Application Support/Pebble SDK/SDKs/4.9.148/toolchain/arm-none-eabi/bin/../lib/gcc/arm-none-eabi/14.2.1/thumb/v7-m/nofp/libgcc.a(_aeabi_ldivmod.o)
 .ARM.attributes
                0x000001e8       0x2d /Users/jaredwuerzburger/Library/Application Support/Pebble SDK/SDKs/4.9.148/toolchain/arm-none-eabi/bin/../lib/gcc/arm-none-eabi/14.2.1/thumb/v7-m/nofp/libgcc.a(_udivmoddi4.o)
 .ARM.attributes
                0x00000215       0x1d /Users/jaredwuerzburger/Library/Application Support/Pebble SDK/SDKs/4.9.148/toolchain/arm-none-eabi/bin/../lib/gcc/arm-none-eabi/14.2.1/thumb/v7-m/nofp/libgcc.a(_dvmd_tls.o)
 .ARM.attributes
                0x00000232       0x2d /Users/jaredwuerzburger/Library/Application Support/Pebble SDK/SDKs/4.9.148/toolchain/arm-none-eabi/bin/../lib/gcc/arm-none-eabi/14.2.1/../../../../arm-none-eabi/lib/thumb/v7-m/nofp/libc.a(libc_a-atexit.o)
 .ARM.attributes
                0x0000025f       0x2d /Users/jaredwuerzburger/Library/Application Support/Pebble SDK/SDKs/4.9.148/toolchain/arm-none-eabi/bin/../lib/gcc/arm-none-eabi/14.2.1/../../../../arm-none-eabi/lib/thumb/v7-m/nofp/libc.a(libc_a-exit.o)
 .ARM.attributes
                0x0000028c       0x2d /Users/jaredwuerzburger/Library/Application Support/Pebble SDK/SDKs/4.9.148/toolchain/arm-none-eabi/bin/../lib/gcc/arm-none-eabi/14.2.1/../../../../arm-none-eabi/lib/thumb/v7-m/nofp/libc.a(libc_a-findfp.o)
 .ARM.attributes
                0x000002b9       0x2d /Users/jaredwuerzburger/Library/Application Support/Pebble SDK/SDKs/4.9.148/toolchain/arm-none-eabi/bin/../lib/gcc/arm-none-eabi/14.2.1/../../../../arm-none-eabi/lib/thumb/v7-m/nofp/libc.a(libc_a-impure.o)
 .ARM.attributes
                0x000002e6       0x2d /Users/jaredwuerzburger/Library/Application Support/Pebble SDK/SDKs/4.9.148/toolchain/arm-none-eabi/bin/../lib/gcc/arm-none-eabi/14.2.1/../../../../arm-none-eabi/lib/thumb/v7-m/nofp/libc.a(libc_a-init.o)
 .ARM.attributes
                0x00000313       0x2d /Users/jaredwuerzburger/Library/Application Support/Pebble SDK/SDKs/4.9.148/toolchain/arm-none-eabi/bin/../lib/gcc/arm-none-eabi/14.2.1/../../../../arm-none-eabi/lib/thumb/v7-m/nofp/libc.a(libc_a-fini.o)
 .ARM.attributes
                0x00000340       0x2d /Users/jaredwuerzburger/Library/Application Support/Pebble SDK/SDKs/4.9.148/toolchain/arm-none-eabi/bin/../lib/gcc/arm-none-eabi/14.2.1/../../../../arm-none-eabi/lib/thumb/v7-m/nofp/libc.a(libc_a-lock.o)
 .ARM.attributes
                0x0000036d       0x2d /Users/jaredwuerzburger/Library/Application Support/Pebble SDK/SDKs/4.9.148/toolchain/arm-none-eabi/bin/../lib/gcc/arm-none-eabi/14.2.1/../../../../arm-none-eabi/lib/thumb/v7-m/nofp/libc.a(libc_a-__atexit.o)
 .ARM.attributes
                0x0000039a       0x2d /Users/jaredwuerzburger/Library/Application Support/Pebble SDK/SDKs/4.9.148/toolchain/arm-none-eabi/bin/../lib/gcc/arm-none-eabi/14.2.1/../../../../arm-none-eabi/lib/thumb/v7-m/nofp/libc.a(libc_a-__call_atexit.o)
 .ARM.attributes
                0x000003c7       0x2d /Users/jaredwuerzburger/Library/Application Support/Pebble SDK/SDKs/4.9.148/toolchain/arm-none-eabi/bin/../lib/gcc/arm-none-eabi/14.2.1/../../../../arm-none-eabi/lib/thumb/v7-m/nofp/libc.a(libc_a-mallocr.o)
 .ARM.attributes
                0x000003f4       0x2d /Users/jaredwuerzburger/Library/Application Support/Pebble SDK/SDKs/4.9.148/toolchain/arm-none-eabi/bin/../lib/gcc/arm-none-eabi/14.2.1/../../../../arm-none-eabi/lib/thumb/v7-m/nofp/libc.a(libc_a-mlock.o)
 .ARM.attributes
                0x00000421       0x2d /Users/jaredwuerzburger/Library/Application Support/Pebble SDK/SDKs/4.9.148/toolchain/arm-none-eabi/bin/../lib/gcc/arm-none-eabi/14.2.1/../../../../arm-none-eabi/lib/thumb/v7-m/nofp/libc.a(libc_a-fwalk.o)
 .ARM.attributes
                0x0000044e       0x2d /Users/jaredwuerzburger/Library/Application Support/Pebble SDK/SDKs/4.9.148/toolchain/arm-none-eabi/bin/../lib/gcc/arm-none-eabi/14.2.1/../../../../arm-none-eabi/lib/thumb/v7-m/nofp/libc.a(libc_a-fclose.o)
 .ARM.attributes
                0x0000047b       0x2d /Users/jaredwuerzburger/Library/Application Support/Pebble SDK/SDKs/4.9.148/toolchain/arm-none-eabi/bin/../lib/gcc/arm-none-eabi/14.2.1/../../../../arm-none-eabi/lib/thumb/v7-m/nofp/libc.a(libc_a-fflush.o)
 .ARM.attributes
                0x000004a8       0x2d /Users/jaredwuerzburger/Library/Application Support/Pebble SDK/SDKs/4.9.148/toolchain/arm-none-eabi/bin/../lib/gcc/arm-none-eabi/14.2.1/../../../../arm-none-eabi/lib/thumb/v7-m/nofp/libc.a(libc_a-stdio.o)
 .ARM.attributes
                0x000004d5       0x2d /Users/jaredwuerzburger/Library/Application Support/Pebble SDK/SDKs/4.9.148/toolchain/arm-none-eabi/bin/../lib/gcc/arm-none-eabi/14.2.1/../../../../arm-none-eabi/lib/thumb/v7-m/nofp/libc.a(libc_a-closer.o)
 .ARM.attributes
                0x00000502       0x2d /Users/jaredwuerzburger/Library/Application Support/Pebble SDK/SDKs/4.9.148/toolchain/arm-none-eabi/bin/../lib/gcc/arm-none-eabi/14.2.1/../../../../arm-none-eabi/lib/thumb/v7-m/nofp/libc.a(libc_a-reent.o)
 .ARM.attributes
                0x0000052f       0x2d /Users/jaredwuerzburger/Library/Application Support/Pebble SDK/SDKs/4.9.148/toolchain/arm-none-eabi/bin/../lib/gcc/arm-none-eabi/14.2.1/../../../../arm-none-eabi/lib/thumb/v7-m/nofp/libc.a(libc_a-lseekr.o)
 .ARM.attributes
                0x0000055c       0x2d /Users/jaredwuerzburger/Library/Application Support/Pebble SDK/SDKs/4.9.148/toolchain/arm-none-eabi/bin/../lib/gcc/arm-none-eabi/14.2.1/../../../../arm-none-eabi/lib/thumb/v7-m/nofp/libc.a(libc_a-readr.o)
 .ARM.attributes
                0x00000589       0x2d /Users/jaredwuerzburger/Library/Application Support/Pebble SDK/SDKs/4.9.148/toolchain/arm-none-eabi/bin/../lib/gcc/arm-none-eabi/14.2.1/../../../../arm-none-eabi/lib/thumb/v7-m/nofp/libc.a(libc_a-sbrkr.o)
 .ARM.attributes
                0x000005b6       0x2d /Users/jaredwuerzburger/Library/Application Support/Pebble SDK/SDKs/4.9.148/toolchain/arm-none-eabi/bin/../lib/gcc/arm-none-eabi/14.2.1/../../../../arm-none-eabi/lib/thumb/v7-m/nofp/libc.a(libc_a-writer.o)
 .ARM.attributes
                0x000005e3       0x2d /Users/jaredwuerzburger/Library/Application Support/Pebble SDK/SDKs/4.9.148/toolchain/arm-none-eabi/bin/../lib/gcc/arm-none-eabi/14.2.1/../../../../arm-none-eabi/lib/thumb/v7-m/nofp/libc.a(libc_a-sysconf.o)
 .ARM.attributes
                0x00000610       0x2d /Users/jaredwuerzburger/Library/Application Support/Pebble SDK/SDKs/4.9.148/toolchain/arm-none-eabi/bin/../lib/gcc/arm-none-eabi/14.2.1/../../../../arm-none-eabi/lib/thumb/v7-m/nofp/libc.a(libc_a-freer.o)
 .ARM.attributes
                0x0000063d       0x2d /Users/jaredwuerzburger/Library/Application Support/Pebble SDK/SDKs/4.9.148/toolchain/arm-none-eabi/bin/../lib/gcc/arm-none-eabi/14.2.1/../../../../arm-none-eabi/lib/thumb/v7-m/nofp/libc.a(libc_a-errno.o)
 .ARM.attributes
                0x0000066a       0x2d /Users/jaredwuerzburger/Library/Application Support/Pebble SDK/SDKs/4.9.148/toolchain/arm-none-eabi/bin/../lib/gcc/arm-none-eabi/14.2.1/thumb/v7-m/nofp/crtend.o
 .ARM.attributes
                0x00000697       0x1d /Users/jaredwuerzburger/Library/Application Support/Pebble SDK/SDKs/4.9.148/toolchain/arm-none-eabi/bin/../lib/gcc/arm-none-eabi/14.2.1/thumb/v7-m/nofp/crtn.o

.comment        0x00000000       0x38
 .comment       0x00000000       0x38 /Users/jaredwuerzburger/Library/Application Support/Pebble SDK/SDKs/4.9.148/toolchain/arm-none-eabi/bin/../lib/gcc/arm-none-eabi/14.2.1/thumb/v7-m/nofp/crtbegin.o
                                 0x39 (size before relaxing)
 .comment       0x00000038       0x39 src/c/Sky.c.33.o
 .comment       0x00000038       0x39 basalt/appinfo.auto.c.33.o
 .comment       0x00000038       0x39 basalt/src/resource_ids.auto.c.33.o
 .comment       0x00000038       0x39 src/message_keys.auto.c.33.o
 .comment       0x00000038       0x39 /Users/jaredwuerzburger/Library/Application Support/Pebble SDK/SDKs/4.9.148/toolchain/arm-none-eabi/bin/../lib/gcc/arm-none-eabi/14.2.1/thumb/v7-m/nofp/libgcc.a(_udivmoddi4.o)
 .comment       0x00000038       0x39 /Users/jaredwuerzburger/Library/Application Support/Pebble SDK/SDKs/4.9.148/toolchain/arm-none-eabi/bin/../lib/gcc/arm-none-eabi/14.2.1/../../../../arm-none-eabi/lib/thumb/v7-m/nofp/libc.a(libc_a-atexit.o)
 .comment       0x00000038       0x39 /Users/jaredwuerzburger/Library/Application Support/Pebble SDK/SDKs/4.9.148/toolchain/arm-none-eabi/bin/../lib/gcc/arm-none-eabi/14.2.1/../../../../arm-none-eabi/lib/thumb/v7-m/nofp/libc.a(libc_a-exit.o)
 .comment       0x00000038       0x39 /Users/jaredwuerzburger/Library/Application Support/Pebble SDK/SDKs/4.9.148/toolchain/arm-none-eabi/bin/../lib/gcc/arm-none-eabi/14.2.1/../../../../arm-none-eabi/lib/thumb/v7-m/nofp/libc.a(libc_a-findfp.o)
 .comment       0x00000038       0x39 /Users/jaredwuerzburger/Library/Application Support/Pebble SDK/SDKs/4.9.148/toolchain/arm-none-eabi/bin/../lib/gcc/arm-none-eabi/14.2.1/../../../../arm-none-eabi/lib/thumb/v7-m/nofp/libc.a(libc_a-impure.o)
 .comment       0x00000038       0x39 /Users/jaredwuerzburger/Library/Application Support/Pebble SDK/SDKs/4.9.148/toolchain/arm-none-eabi/bin/../lib/gcc/arm-none-eabi/14.2.1/../../../../arm-none-eabi/lib/thumb/v7-m/nofp/libc.a(libc_a-init.o)
 .comment       0x00000038       0x39 /Users/jaredwuerzburger/Library/Application Support/Pebble SDK/SDKs/4.9.148/toolchain/arm-none-eabi/bin/../lib/gcc/arm-none-eabi/14.2.1/../../../../arm-none-eabi/lib/thumb/v7-m/nofp/libc.a(libc_a-fini.o)
 .comment       0x00000038       0x39 /Users/jaredwuerzburger/Library/Application Support/Pebble SDK/SDKs/4.9.148/toolchain/arm-none-eabi/bin/../lib/gcc/arm-none-eabi/14.2.1/../../../../arm-none-eabi/lib/thumb/v7-m/nofp/libc.a(libc_a-lock.o)
 .comment       0x00000038       0x39 /Users/jaredwuerzburger/Library/Application Support/Pebble SDK/SDKs/4.9.148/toolchain/arm-none-eabi/bin/../lib/gcc/arm-none-eabi/14.2.1/../../../../arm-none-eabi/lib/thumb/v7-m/nofp/libc.a(libc_a-__atexit.o)
 .comment       0x00000038       0x39 /Users/jaredwuerzburger/Library/Application Support/Pebble SDK/SDKs/4.9.148/toolchain/arm-none-eabi/bin/../lib/gcc/arm-none-eabi/14.2.1/../../../../arm-none-eabi/lib/thumb/v7-m/nofp/libc.a(libc_a-__call_atexit.o)
 .comment       0x00000038       0x39 /Users/jaredwuerzburger/Library/Application Support/Pebble SDK/SDKs/4.9.148/toolchain/arm-none-eabi/bin/../lib/gcc/arm-none-eabi/14.2.1/../../../../arm-none-eabi/lib/thumb/v7-m/nofp/libc.a(libc_a-mallocr.o)
 .comment       0x00000038       0x39 /Users/jaredwuerzburger/Library/Application Support/Pebble SDK/SDKs/4.9.148/toolchain/arm-none-eabi/bin/../lib/gcc/arm-none-eabi/14.2.1/../../../../arm-none-eabi/lib/thumb/v7-m/nofp/libc.a(libc_a-mlock.o)
 .comment       0x00000038       0x39 /Users/jaredwuerzburger/Library/Application Support/Pebble SDK/SDKs/4.9.148/toolchain/arm-none-eabi/bin/../lib/gcc/arm-none-eabi/14.2.1/../../../../arm-none-eabi/lib/thumb/v7-m/nofp/libc.a(libc_a-fwalk.o)
 .comment       0x00000038       0x39 /Users/jaredwuerzburger/Library/Application Support/Pebble SDK/SDKs/4.9.148/toolchain/arm-none-eabi/bin/../lib/gcc/arm-none-eabi/14.2.1/../../../../arm-none-eabi/lib/thumb/v7-m/nofp/libc.a(libc_a-fclose.o)
 .comment       0x00000038       0x39 /Users/jaredwuerzburger/Library/Application Support/Pebble SDK/SDKs/4.9.148/toolchain/arm-none-eabi/bin/../lib/gcc/arm-none-eabi/14.2.1/../../../../arm-none-eabi/lib/thumb/v7-m/nofp/libc.a(libc_a-fflush.o)
 .comment       0x00000038       0x39 /Users/jaredwuerzburger/Library/Application Support/Pebble SDK/SDKs/4.9.148/toolchain/arm-none-eabi/bin/../lib/gcc/arm-none-eabi/14.2.1/../../../../arm-none-eabi/lib/thumb/v7-m/nofp/libc.a(libc_a-stdio.o)
 .comment       0x00000038       0x39 /Users/jaredwuerzburger/Library/Application Support/Pebble SDK/SDKs/4.9.148/toolchain/arm-none-eabi/bin/../lib/gcc/arm-none-eabi/14.2.1/../../../../arm-none-eabi/lib/thumb/v7-m/nofp/libc.a(libc_a-closer.o)
 .comment       0x00000038       0x39 /Users/jaredwuerzburger/Library/Application Support/Pebble SDK/SDKs/4.9.148/toolchain/arm-none-eabi/bin/../lib/gcc/arm-none-eabi/14.2.1/../../../../arm-none-eabi/lib/thumb/v7-m/nofp/libc.a(libc_a-reent.o)
 .comment       0x00000038       0x39 /Users/jaredwuerzburger/Library/Application Support/Pebble SDK/SDKs/4.9.148/toolchain/arm-none-eabi/bin/../lib/gcc/arm-none-eabi/14.2.1/../../../../arm-none-eabi/lib/thumb/v7-m/nofp/libc.a(libc_a-lseekr.o)
 .comment       0x00000038       0x39 /Users/jaredwuerzburger/Library/Application Support/Pebble SDK/SDKs/4.9.148/toolchain/arm-none-eabi/bin/../lib/gcc/arm-none-eabi/14.2.1/../../../../arm-none-eabi/lib/thumb/v7-m/nofp/libc.a(libc_a-readr.o)
 .comment       0x00000038       0x39 /Users/jaredwuerzburger/Library/Application Support/Pebble SDK/SDKs/4.9.148/toolchain/arm-none-eabi/bin/../lib/gcc/arm-none-eabi/14.2.1/../../../../arm-none-eabi/lib/thumb/v7-m/nofp/libc.a(libc_a-sbrkr.o)
 .comment       0x00000038       0x39 /Users/jaredwuerzburger/Library/Application Support/Pebble SDK/SDKs/4.9.148/toolchain/arm-none-eabi/bin/../lib/gcc/arm-none-eabi/14.2.1/../../../../arm-none-eabi/lib/thumb/v7-m/nofp/libc.a(libc_a-writer.o)
 .comment       0x00000038       0x39 /Users/jaredwuerzburger/Library/Application Support/Pebble SDK/SDKs/4.9.148/toolchain/arm-none-eabi/bin/../lib/gcc/arm-none-eabi/14.2.1/../../../../arm-none-eabi/lib/thumb/v7-m/nofp/libc.a(libc_a-sysconf.o)
 .comment       0x00000038       0x39 /Users/jaredwuerzburger/Library/Application Support/Pebble SDK/SDKs/4.9.148/toolchain/arm-none-eabi/bin/../lib/gcc/arm-none-eabi/14.2.1/../../../../arm-none-eabi/lib/thumb/v7-m/nofp/libc.a(libc_a-freer.o)
 .comment       0x00000038       0x39 /Users/jaredwuerzburger/Library/Application Support/Pebble SDK/SDKs/4.9.148/toolchain/arm-none-eabi/bin/../lib/gcc/arm-none-eabi/14.2.1/../../../../arm-none-eabi/lib/thumb/v7-m/nofp/libc.a(libc_a-errno.o)
 .comment       0x00000038       0x39 /Users/jaredwuerzburger/Library/Application Support/Pebble SDK/SDKs/4.9.148/toolchain/arm-none-eabi/bin/../lib/gcc/arm-none-eabi/14.2.1/thumb/v7-m/nofp/crtend.o

.debug_info     0x00000000     0xa0e1
 .debug_info    0x00000000     0x9961 src/c/Sky.c.33.o
 .debug_info    0x00009961      0x33e basalt/appinfo.auto.c.33.o
 .debug_info    0x00009c9f       0x65 basalt/src/resource_ids.auto.c.33.o
 .debug_info    0x00009d04      0x3dd src/message_keys.auto.c.33.o

.debug_abbrev   0x00000000      0x6d2
 .debug_abbrev  0x00000000      0x5a9 src/c/Sky.c.33.o
 .debug_abbrev  0x000005a9       0xb9 basalt/appinfo.auto.c.33.o
 .debug_abbrev  0x00000662       0x26 basalt/src/resource_ids.auto.c.33.o
 .debug_abbrev  0x00000688       0x4a src/message_keys.auto.c.33.o

.debug_loclists
                0x00000000     0x6881
 .debug_loclists
                0x00000000     0x6881 src/c/Sky.c.33.o

.debug_aranges  0x00000000      0x180
 .debug_aranges
                0x00000000      0x138 src/c/Sky.c.33.o
 .debug_aranges
                0x00000138       0x18 basalt/appinfo.auto.c.33.o
 .debug_aranges
                0x00000150       0x18 basalt/src/resource_ids.auto.c.33.o
 .debug_aranges
                0x00000168       0x18 src/message_keys.auto.c.33.o

.debug_rnglists
                0x00000000      0xb6a
 .debug_rnglists
                0x00000000      0xb6a src/c/Sky.c.33.o

.debug_line     0x00000000     0x4ca5
 .debug_line    0x00000000     0x493e src/c/Sky.c.33.o
 .debug_line    0x0000493e      0x1cf basalt/appinfo.auto.c.33.o
 .debug_line    0x00004b0d       0x3f basalt/src/resource_ids.auto.c.33.o
 .debug_line    0x00004b4c      0x159 src/message_keys.auto.c.33.o

.debug_str      0x00000000     0x29d0
 .debug_str     0x00000000     0x29d0 src/c/Sky.c.33.o
                               0x27ca (size before relaxing)
 .debug_str     0x000029d0      0x4dc basalt/appinfo.auto.c.33.o
 .debug_str     0x000029d0      0x170 basalt/src/resource_ids.auto.c.33.o
 .debug_str     0x000029d0      0x73b src/message_keys.auto.c.33.o

.debug_frame    0x00000000      0x4e0
 .debug_frame   0x00000000      0x4e0 src/c/Sky.c.33.o
